Natural, Hungarian, Dali, English, Imperial, and Freestyle
